// Vitest Snapshot v1, https://vitest.dev/guide/snapshot.html

exports[`ChartCard > matches snapshot 1`] = `
<div>
  <div
    class="rounded-[var(--radius-card)] border border-border bg-bg-elevated p-6 shadow-level-1 flex flex-col"
  >
    <div
      class="flex items-start justify-between mb-5"
    >
      <div>
        <h3
          class="text-sm font-semibold text-text-primary"
        >
          Audience Growth
        </h3>
      </div>
    </div>
    <div
      class="flex-1 w-full"
      style="min-height: 200px;"
    >
      <div>
        Chart goes here
      </div>
    </div>
  </div>
</div>
`;
